=== 监控 22:39:20 ===
[22:39:20] 
[22:39:20] COM: 
[22:39:26] USB Composite Device
[22:39:26] COM: 
[22:39:32] USB Composite Device
[22:39:32] COM: 
[22:39:37] 
[22:39:37] COM: 
[22:39:43] 
[22:39:43] COM: 
[22:39:48] 
[22:39:48] COM: 
[22:39:53] USB Composite Device
[22:39:53] COM: 
[22:39:59] USB Composite Device
[22:39:59] COM: 
[22:40:04] USB Composite Device
[22:40:04] COM: 
[22:40:10] USB Composite Device
[22:40:10] COM: 
[22:40:15] USB Composite Device
[22:40:15] COM: 
[22:40:20] USB Composite Device
[22:40:20] COM: 
[22:40:26] USB Composite Device
[22:40:26] COM: 
[22:40:31] USB Composite Device
[22:40:31] COM: 
[22:40:37] USB Composite Device
[22:40:37] COM: 
[22:40:42] USB Composite Device
[22:40:42] COM: 
[22:40:47] USB Composite Device
[22:40:47] COM: 
[22:40:52] USB Composite Device
[22:40:52] COM: 
[22:40:58] USB Composite Device
[22:40:58] COM: 
[22:41:03] USB Composite Device
[22:41:03] COM: 
[22:41:08] USB Composite Device
[22:41:08] COM: 
[22:41:13] USB Composite Device
[22:41:13] COM: 
[22:41:19] USB Composite Device
[22:41:19] COM: 
[22:41:24] USB Composite Device
[22:41:24] COM: 
[22:41:29] USB Composite Device
[22:41:29] COM: 
[22:41:34] USB Composite Device
[22:41:34] COM: 
[22:41:39] USB Composite Device
[22:41:39] COM: 
[22:41:44] USB Composite Device
[22:41:44] COM: 
[22:41:50] USB Composite Device
[22:41:50] COM: 
[22:41:55] USB Composite Device
[22:41:55] COM: 
[22:42:00] USB Composite Device
[22:42:00] COM: 
[22:42:06] USB Composite Device
[22:42:06] COM: 
[22:42:11] USB Composite Device
[22:42:11] COM: 
[22:42:17] USB Composite Device
[22:42:17] COM: 
[22:42:22] USB Composite Device
[22:42:22] COM: 
[22:42:27] USB Composite Device
[22:42:27] COM: 
[22:42:33] USB Composite Device
[22:42:33] COM: 
[22:42:38] USB Composite Device
[22:42:38] COM: 
[22:42:43] 
[22:42:43] COM: 
[22:42:49] 
[22:42:49] COM: 
[22:42:54] 
[22:42:54] COM: 
[22:42:59] 
[22:42:59] COM: 
[22:43:04] USB Composite Device
[22:43:04] COM: 
[22:43:10] Android Composite ADB Interface | DBAdapter Reserved Interface (COM4) | Android Adapter PCUI (COM5) | HUAWEI Mobile Connect - Fake Acm Interface (COM6) | USB Composite Device
[22:43:10] COM: DBAdapter Reserved Interface (COM4);Android Adapter PCUI (COM5);HUAWEI Mobile Connect - Fake Acm Interface (COM6)
[22:43:15] Android Composite ADB Interface | DBAdapter Reserved Interface (COM4) | Android Adapter PCUI (COM5) | HUAWEI Mobile Connect - Fake Acm Interface (COM6) | USB Composite Device
[22:43:15] COM: DBAdapter Reserved Interface (COM4);Android Adapter PCUI (COM5);HUAWEI Mobile Connect - Fake Acm Interface (COM6)
[22:43:20] Android Composite ADB Interface | DBAdapter Reserved Interface (COM4) | Android Adapter PCUI (COM5) | HUAWEI Mobile Connect - Fake Acm Interface (COM6) | USB Composite Device
[22:43:20] COM: DBAdapter Reserved Interface (COM4);Android Adapter PCUI (COM5);HUAWEI Mobile Connect - Fake Acm Interface (COM6)
[22:43:26] Android Composite ADB Interface | DBAdapter Reserved Interface (COM4) | Android Adapter PCUI (COM5) | HUAWEI Mobile Connect - Fake Acm Interface (COM6) | USB Composite Device
[22:43:26] COM: DBAdapter Reserved Interface (COM4);Android Adapter PCUI (COM5);HUAWEI Mobile Connect - Fake Acm Interface (COM6)
[22:43:31] Android Composite ADB Interface | DBAdapter Reserved Interface (COM4) | Android Adapter PCUI (COM5) | HUAWEI Mobile Connect - Fake Acm Interface (COM6) | USB Composite Device
[22:43:31] COM: DBAdapter Reserved Interface (COM4);Android Adapter PCUI (COM5);HUAWEI Mobile Connect - Fake Acm Interface (COM6)
[22:43:36] Android Composite ADB Interface | DBAdapter Reserved Interface (COM4) | Android Adapter PCUI (COM5) | HUAWEI Mobile Connect - Fake Acm Interface (COM6) | USB Composite Device
[22:43:36] COM: DBAdapter Reserved Interface (COM4);Android Adapter PCUI (COM5);HUAWEI Mobile Connect - Fake Acm Interface (COM6)
[22:43:42] Android Composite ADB Interface | DBAdapter Reserved Interface (COM4) | Android Adapter PCUI (COM5) | HUAWEI Mobile Connect - Fake Acm Interface (COM6) | USB Composite Device
[22:43:42] COM: DBAdapter Reserved Interface (COM4);Android Adapter PCUI (COM5);HUAWEI Mobile Connect - Fake Acm Interface (COM6)
[22:43:47] Android Composite ADB Interface | DBAdapter Reserved Interface (COM4) | Android Adapter PCUI (COM5) | HUAWEI Mobile Connect - Fake Acm Interface (COM6) | USB Composite Device
[22:43:47] COM: DBAdapter Reserved Interface (COM4);Android Adapter PCUI (COM5);HUAWEI Mobile Connect - Fake Acm Interface (COM6)
[22:43:53] Android Composite ADB Interface | DBAdapter Reserved Interface (COM4) | Android Adapter PCUI (COM5) | HUAWEI Mobile Connect - Fake Acm Interface (COM6) | USB Composite Device
[22:43:53] COM: DBAdapter Reserved Interface (COM4);Android Adapter PCUI (COM5);HUAWEI Mobile Connect - Fake Acm Interface (COM6)
[22:43:58] Android Composite ADB Interface | DBAdapter Reserved Interface (COM4) | Android Adapter PCUI (COM5) | HUAWEI Mobile Connect - Fake Acm Interface (COM6) | USB Composite Device
[22:43:58] COM: DBAdapter Reserved Interface (COM4);Android Adapter PCUI (COM5);HUAWEI Mobile Connect - Fake Acm Interface (COM6)
[22:44:03] Android Composite ADB Interface | DBAdapter Reserved Interface (COM4) | Android Adapter PCUI (COM5) | HUAWEI Mobile Connect - Fake Acm Interface (COM6) | USB Composite Device
[22:44:03] COM: DBAdapter Reserved Interface (COM4);Android Adapter PCUI (COM5);HUAWEI Mobile Connect - Fake Acm Interface (COM6)
[22:44:09] Android Composite ADB Interface | DBAdapter Reserved Interface (COM4) | Android Adapter PCUI (COM5) | HUAWEI Mobile Connect - Fake Acm Interface (COM6) | USB Composite Device
[22:44:09] COM: DBAdapter Reserved Interface (COM4);Android Adapter PCUI (COM5);HUAWEI Mobile Connect - Fake Acm Interface (COM6)
[22:44:14] Android Composite ADB Interface | DBAdapter Reserved Interface (COM4) | Android Adapter PCUI (COM5) | HUAWEI Mobile Connect - Fake Acm Interface (COM6) | USB Composite Device
[22:44:14] COM: DBAdapter Reserved Interface (COM4);Android Adapter PCUI (COM5);HUAWEI Mobile Connect - Fake Acm Interface (COM6)
[22:44:19] Android Composite ADB Interface | DBAdapter Reserved Interface (COM4) | Android Adapter PCUI (COM5) | HUAWEI Mobile Connect - Fake Acm Interface (COM6) | USB Composite Device
[22:44:19] COM: DBAdapter Reserved Interface (COM4);Android Adapter PCUI (COM5);HUAWEI Mobile Connect - Fake Acm Interface (COM6)
[22:44:24] Android Composite ADB Interface | DBAdapter Reserved Interface (COM4) | Android Adapter PCUI (COM5) | HUAWEI Mobile Connect - Fake Acm Interface (COM6) | USB Composite Device
[22:44:24] COM: DBAdapter Reserved Interface (COM4);Android Adapter PCUI (COM5);HUAWEI Mobile Connect - Fake Acm Interface (COM6)
[22:44:30] Android Composite ADB Interface | DBAdapter Reserved Interface (COM4) | Android Adapter PCUI (COM5) | HUAWEI Mobile Connect - Fake Acm Interface (COM6) | USB Composite Device
[22:44:30] COM: DBAdapter Reserved Interface (COM4);Android Adapter PCUI (COM5);HUAWEI Mobile Connect - Fake Acm Interface (COM6)
[22:44:35] Android Composite ADB Interface | DBAdapter Reserved Interface (COM4) | Android Adapter PCUI (COM5) | HUAWEI Mobile Connect - Fake Acm Interface (COM6) | USB Composite Device
[22:44:35] COM: DBAdapter Reserved Interface (COM4);Android Adapter PCUI (COM5);HUAWEI Mobile Connect - Fake Acm Interface (COM6)
